Podaj liczbe rzeczywista: Pierwiastek z 0.000000 = 0.000000
Liczba 0.000000 nie ma liczby odwrotnej