Wpisz kod zrodlowy (ctrl+d konczy wpisywanie)

#include "lib.h"


int main() {
    pobieranie_tekstu("Wpisz kod zrodlowy (ctrl+d konczy wpisywanie)\n");

    return 0;
}
